// Jest Snapshot v1, https://goo.gl/fbAQLP

exports[`ContentPageSubsectionPart component snapshot 1`] = `
<div
  className="ContentPageSubsectionPartContainer"
>
  <div>
    <h1>
      Hello, World
    </h1>
    <p>
      This is some text.
    </p>
  </div>
</div>
`;
