// Jest Snapshot v1, https://goo.gl/fbAQLP

exports[`ContentPageParagraph component snapshot 1`] = `
<p
  className="ContentPageRegularTextSize ContentPageRegularTextLineHeight ContentPageContentParagraphText"
>
  Hello, World. This is a ContentPageParagraph component
</p>
`;
