// Jest Snapshot v1, https://goo.gl/fbAQLP

exports[`ContentPageSubsectionSubtitle component snapshot 1`] = `
<h4
  className="ContentPageSubsectionSubtitle ContentPageSubsectionSubtitle_DebugColor DebugWireframe"
>
  Hello, World
</h4>
`;
