// Jest Snapshot v1, https://goo.gl/fbAQLP

exports[`ContentPageTwoColumnImageGallary component snapshot 1`] = `
<div
  className="ContentPageSubsectionTwoColumnContentTemplateOuterContainer"
>
  <div
    className="ContentPageSubsectionTwoColumnContentTemplateInnerContainer"
  >
    <div
      className="ContentPageSubsectionTwoColumnContentTemplateColumnContainer"
    >
      <div
        className="ContentPageSubsectionTwoColumnContentTemplateColumnInnerContainer ContentPageSubsectionTwoColumnContentTemplateColumnInnerContainerLhs"
      >
        <h4
          className="ContentPageSubsectionSubtitle"
        />
        <div
          className="ImageViewOuterContainer"
          style={
            Object {
              "maxWidth": 720,
            }
          }
        >
          <div
            className="ImageViewInnerContainer"
          >
            <div
              className="ImageViewCore"
            >
              <img
                alt="This is image 1."
                className="ImageViewImg"
                src="some image 1"
                style={
                  Object {
                    "width": 720,
                  }
                }
              />
              <div
                data-testid="ImageViewComponentCaptionPart"
              >
                <div
                  className="CaptionContainer"
                  data-testid="CaptionComponentTestId"
                  style={
                    Object {
                      "maxWidth": 720,
                    }
                  }
                >
                  <div
                    className="IconContainer"
                  >
                    <i
                      aria-hidden="true"
                      className="image icon"
                      onClick={[Function]}
                    />
                  </div>
                  <p
                    className="ContentPageCaptionTextSize CaptionText"
                  >
                    This is image 1.
                  </p>
                </div>
              </div>
            </div>
          </div>
        </div>
      </div>
      <div
        className="ContentPageSubsectionTwoColumnContentTemplateColumnInnerContainer ContentPageSubsectionTwoColumnContentTemplateColumnInnerContainerRhs"
      >
        <h4
          className="ContentPageSubsectionSubtitle"
        />
        <div
          className="ImageViewOuterContainer"
          style={
            Object {
              "maxWidth": 1080,
            }
          }
        >
          <div
            className="ImageViewInnerContainer"
          >
            <div
              className="ImageViewCore"
            >
              <img
                alt="This is image 2. (Image credit: Image God)"
                className="ImageViewImg"
                src="some image 2"
                style={
                  Object {
                    "width": 1080,
                  }
                }
              />
              <div
                data-testid="ImageViewComponentCaptionPart"
              >
                <div
                  className="CaptionContainer"
                  data-testid="CaptionComponentTestId"
                  style={
                    Object {
                      "maxWidth": 1080,
                    }
                  }
                >
                  <div
                    className="IconContainer"
                  >
                    <i
                      aria-hidden="true"
                      className="image icon"
                      onClick={[Function]}
                    />
                  </div>
                  <p
                    className="ContentPageCaptionTextSize CaptionText"
                  >
                    This is image 2. (Image credit: Image God)
                  </p>
                </div>
              </div>
            </div>
          </div>
        </div>
      </div>
    </div>
  </div>
</div>
`;
