// Jest Snapshot v1, https://goo.gl/fbAQLP

exports[`FactBannerImage component snapshot 1`] = `
<img
  className="FullWidth DisplayBlock VerticalCushionPadding Centered FactBannerMediumDimension"
  src="Some image"
/>
`;
