// Jest Snapshot v1, https://goo.gl/fbAQLP

exports[`ImageSlideDiscrete component snapshot 1`] = `
<div
  data-testid="ImageSlideDiscreteComponentTestId"
>
  <h1
    className="ui header"
    data-testid="ImageSlideDiscreteComponentTitlePartTestId"
  >
    Cheetah evolution
  </h1>
  <div
    className="ui container"
  >
    <img
      className="ui fluid image"
      data-testid="ImageSlideDiscreteComponentImgPartTestId"
      src="cheetah-conservation-fund-logo.jpg"
    />
  </div>
  <div
    className="ui tiny progress"
    data-percent={0}
    data-testid="ImageSlideDiscreteComponentProgressIndicatorPartTestId"
  >
    <div
      className="bar"
      style={
        Object {
          "width": "0%",
        }
      }
    />
    <div
      className="label"
    >
      image01
    </div>
  </div>
  <div
    className="ui center aligned container"
  >
    <button
      className="ui icon left labeled button"
      data-testid="ImageSlideDiscreteComponentDecrementButtonPartTestId"
      onClick={[Function]}
    >
      backward
      <i
        aria-hidden="true"
        className="left arrow icon"
        onClick={[Function]}
      />
    </button>
    <button
      className="ui icon right labeled button"
      data-testid="ImageSlideDiscreteComponentIncrementButtonPartTestId"
      onClick={[Function]}
    >
      forward
      <i
        aria-hidden="true"
        className="right arrow icon"
        onClick={[Function]}
      />
    </button>
  </div>
</div>
`;
