// Jest Snapshot v1, https://goo.gl/fbAQLP

exports[`StatsLabel component snapshot 1`] = `
<div
  className="ui inverted segment"
>
  <div
    className="ui orange huge inverted statistic"
  >
    <div
      className="value"
    >
      2020
    </div>
    <div
      className="label"
    >
      CCF turned 30
    </div>
  </div>
</div>
`;
