// Jest Snapshot v1, https://goo.gl/fbAQLP

exports[`BiologyPageIntroSection component snapshot 1`] = `
<div
  className="BiologyPageIntroSectionOuterContainer BiologyPageIntroSectionOuterContainer_DebugColor DebugWireframe"
>
  <div>
    <div
      className="ContentPageSubsectionTemplateOuterContainer ContentPageSubsectionTemplateOuterContainer_DebugColor DebugWireframe"
    >
      <div
        className="ContentPageSubsectionTemplateInnerContainer ContentPageSubsectionTemplateInnerContainer_DebugColor DebugWireframe ContentPageContentInnerContentDimension ContentPageContentInnerContentDimension_DebugColor DebugWireframe"
      >
        <h3
          className="ContentPageSubsectionTitle ContentPageSubsectionTitle_DebugColor DebugWireframe"
        />
        <div
          className="ContentPageIntroSectionTemplateOuterContainer"
        >
          <div
            className="ContentPageIntroSectionTemplateInnerContainer ContentPageIntroSectionTemplateInnerContainer_DebugColor DebugWireframe"
          >
            <div
              className="ContentPageIntroSectionTemplateTitleContainer ContentPageIntroSectionTemplateTitleContainer_DebugColor DebugWireframe"
            >
              <h1
                className="ContentPageIntroSectionTemplateTitle ContentPageIntroSectionTemplateTitle_DebugColor DebugWireframe"
              >
                Cheetah Biology
              </h1>
            </div>
            <div
              className="ContentPageIntroSectionTemplateContentContainer ContentPageIntroSectionTemplateContentContainer_DebugColor DebugWireframe"
            >
              <div
                className="BiologyPageIntroSectionInnerContainer BiologyPageIntroSectionInnerContainer_DebugColor DebugWireframe"
              >
                <img
                  alt=""
                  className="BiologyPageIntroSectionImg BiologyPageIntroSectionImg_DebugColor DebugWireframe"
                  src="Cheetah_Skeleton_Transparent_720x406.png"
                />
                <p
                  className="ContentPageSectionSubtitleText"
                >
                  The cheetah is a truly unique animal. Being the world's fastest land animal, it is built for speed. An acceleration from 0 to 84 km/hr in just 3 seconds, with a full speed of 110 km/hr, means that the cheetah can out-perform a sports car. Cheetahs are markedly different in both anatomy and behavior from the other 36 species of cats. They are the only species in their genus. They have evolved for speed versus power and aggression. Their bodies are lightweight in comparing with the build of other big cats. They rely on their speed and skills for survival. The genus name, Acinonyx, is interpreted as “non-moving claws”, referring to the semi-retractable claws. The species name, “jubatus”, means “maned”, referring to the mantle on a young cheetah’s back. The English word, “cheetah”, comes from the Hindu word “chita” meaning the “spotted one”.
                </p>
              </div>
            </div>
          </div>
        </div>
      </div>
    </div>
  </div>
</div>
`;
