// Jest Snapshot v1, https://goo.gl/fbAQLP

exports[`BiologyPageSectionLifecyle component snapshot 1`] = `
<div>
  <div
    className="ContentPageSectionTemplateOuterContainer ContentPageSectionTemplateOuterContainer_DebugColor DebugWireframe"
  >
    <div>
      <div
        className="ContentPageSubsectionTemplateOuterContainer ContentPageSubsectionTemplateOuterContainer_DebugColor DebugWireframe"
      >
        <div
          className="ContentPageSubsectionTemplateInnerContainer ContentPageSubsectionTemplateInnerContainer_DebugColor DebugWireframe ContentPageContentInnerContentDimension ContentPageContentInnerContentDimension_DebugColor DebugWireframe"
        >
          <h3
            className="ContentPageSubsectionTitle ContentPageSubsectionTitle_DebugColor DebugWireframe"
          />
          <div
            className="ContentPageSectionHeadOuterContainer"
          >
            <div
              data-testid="ContentPageSectionAnchorComponentTestId"
              id="lifecycle"
            />
            <div
              className="ContentPageSectionHeadInnerContainer ContentPageSectionHeadInnerContainer_DebugColor DebugWireframe"
            >
              <div
                className="ContentPageSectionHeadTitleContainer ContentPageSectionHeadTitleContainer_DebugColor DebugWireframe"
              >
                <h2
                  className="ContentPageSectionHeadTitle ContentPageSectionHeadTitle_DebugColor DebugWireframe"
                >
                  Lifecycle
                </h2>
              </div>
              <div
                className="ContentPageIntroParagraphContentContainer"
              >
                <p
                  className="ContentPageSectionSubtitleText"
                >
                  Content TBD ...
                </p>
              </div>
            </div>
          </div>
        </div>
      </div>
    </div>
    <div
      className="ContentPageSectionTemplateInnerContainer ContentPageSectionTemplateInnerContainer_DebugColor DebugWireframe"
    >
      <div>
        <div
          className=""
        >
          <div
            className="ContentPageSubsectionTemplateOuterContainer ContentPageSubsectionTemplateOuterContainer_DebugColor DebugWireframe"
          >
            <div
              className="ContentPageSubsectionTemplateInnerContainer ContentPageSubsectionTemplateInnerContainer_DebugColor DebugWireframe ContentPageContentInnerContentDimension ContentPageContentInnerContentDimension_DebugColor DebugWireframe"
            >
              <h3
                className="ContentPageSubsectionTitle ContentPageSubsectionTitle_DebugColor DebugWireframe"
              >
                Stage 1
              </h3>
              <div
                className="OverflowHidden"
              >
                <div
                  className="FloatRight"
                >
                  <div
                    className="ImageViewOuterContainer"
                  >
                    <div
                      className="ImageViewInnerContainer"
                    >
                      <div
                        className="ImageViewCore"
                      >
                        <img
                          alt="Cheetah mom carries her cub with her jaw."
                          className="ImageViewImg"
                          src="cheetah_mom_carry_cub.jpg"
                          style={
                            Object {
                              "height": 480,
                              "width": 320,
                            }
                          }
                        />
                        <div
                          data-testid="ImageViewComponentCaptionPart"
                        >
                          <div
                            className="CaptionContainer CaptionContainer_DebugColor DebugWireframe"
                            data-testid="CaptionComponentTestId"
                            style={
                              Object {
                                "width": 320,
                              }
                            }
                          >
                            <div
                              className="IconContainer IconContainer_DebugColor DebugWireframe"
                            >
                              <i
                                aria-hidden="true"
                                className="image icon"
                                onClick={[Function]}
                              />
                            </div>
                            <p
                              className="ContentPageCaptionTextSize ContentPageCaptionTextSize_DebugColor DebugWireframe CaptionText CaptionText_DebugColor DebugWireframe"
                            >
                              Cheetah mom carries her cub with her jaw.
                            </p>
                          </div>
                        </div>
                      </div>
                    </div>
                  </div>
                </div>
                <div
                  className="FloatRight"
                >
                  <div
                    className="ImageViewOuterContainer"
                  >
                    <div
                      className="ImageViewInnerContainer"
                    >
                      <div
                        className="ImageViewCore"
                      >
                        <img
                          alt="Cheetah cubs are born blind, so they need their mother's care."
                          className="ImageViewImg"
                          src="baby_cheetahs.jpg"
                          style={
                            Object {
                              "height": 241,
                              "width": 320,
                            }
                          }
                        />
                        <div
                          data-testid="ImageViewComponentCaptionPart"
                        >
                          <div
                            className="CaptionContainer CaptionContainer_DebugColor DebugWireframe"
                            data-testid="CaptionComponentTestId"
                            style={
                              Object {
                                "width": 320,
                              }
                            }
                          >
                            <div
                              className="IconContainer IconContainer_DebugColor DebugWireframe"
                            >
                              <i
                                aria-hidden="true"
                                className="image icon"
                                onClick={[Function]}
                              />
                            </div>
                            <p
                              className="ContentPageCaptionTextSize ContentPageCaptionTextSize_DebugColor DebugWireframe CaptionText CaptionText_DebugColor DebugWireframe"
                            >
                              Cheetah cubs are born blind, so they need their mother's care.
                            </p>
                          </div>
                        </div>
                      </div>
                    </div>
                  </div>
                </div>
                <p
                  className="ContentPageRegularTextSize ContentPageRegularTextSize_DebugColor DebugWireframe ContentPageContentParagraphText ContentPageContentParagraphText_DebugColor DebugWireframe"
                >
                  The female’s gestation period lasts 90 to 95 days. This means she is pregnant for about three months.
                </p>
                <p
                  className="ContentPageRegularTextSize ContentPageRegularTextSize_DebugColor DebugWireframe ContentPageContentParagraphText ContentPageContentParagraphText_DebugColor DebugWireframe"
                >
                  Shortly before she is ready to give birth, the mother makes a den in a quiet hidden spot. She chooses her location in the tall grass think underbrush or near a clump of rocks.
                </p>
                <p
                  className="ContentPageRegularTextSize ContentPageRegularTextSize_DebugColor DebugWireframe ContentPageContentParagraphText ContentPageContentParagraphText_DebugColor DebugWireframe"
                >
                  A cheetah gives birth to an average of five to six cubs. Each cub weights between 250 to 425 grams. Cubs are born completely helpless and with their eyes closed, but they developer rapidly. Scent and touch are used to find their mother’s nipples to suckle.
                </p>
                <p
                  className="ContentPageRegularTextSize ContentPageRegularTextSize_DebugColor DebugWireframe ContentPageContentParagraphText ContentPageContentParagraphText_DebugColor DebugWireframe"
                >
                  They start crawling around the nest area at four to ten days when their eyes begin to open. At three weeks their teeth break through the gums.
                </p>
                <p
                  className="ContentPageRegularTextSize ContentPageRegularTextSize_DebugColor DebugWireframe ContentPageContentParagraphText ContentPageContentParagraphText_DebugColor DebugWireframe"
                >
                  A mother cheetah will frequently move her litter. This prevents a build-up of scent of the den site, which may lead other predators to the cubs. She carries very young cubs in her jaws.
                </p>
                <p
                  className="ContentPageRegularTextSize ContentPageRegularTextSize_DebugColor DebugWireframe ContentPageContentParagraphText ContentPageContentParagraphText_DebugColor DebugWireframe"
                >
                  The cubs are very vulnerable to lions, hyenas and other predators when the female leaves them alone. When hunting she may be away for up to 48 hours. In Tanzania’s Serengeti National Park, 90% of all cubs do not reach the age of 3 months! Other causes of death are abandonment when prey is scarce, exposure due to low temperates or grass fires.
                </p>
              </div>
            </div>
          </div>
        </div>
        <div
          className=""
        >
          <div
            className="ContentPageSubsectionTemplateOuterContainer ContentPageSubsectionTemplateOuterContainer_DebugColor DebugWireframe"
          >
            <div
              className="ContentPageSubsectionTemplateInnerContainer ContentPageSubsectionTemplateInnerContainer_DebugColor DebugWireframe ContentPageContentInnerContentDimension ContentPageContentInnerContentDimension_DebugColor DebugWireframe"
            >
              <h3
                className="ContentPageSubsectionTitle ContentPageSubsectionTitle_DebugColor DebugWireframe"
              >
                Stage 2
              </h3>
              <div
                className=""
              >
                <p
                  className="ContentPageRegularTextSize ContentPageRegularTextSize_DebugColor DebugWireframe ContentPageContentParagraphText ContentPageContentParagraphText_DebugColor DebugWireframe"
                >
                  At 1.5 to 2 months of age, the cubs leave the safety of the den to accompany their mother. They are very vulnerable as they are not able to defend themselves.
                </p>
                <p
                  className="ContentPageRegularTextSize ContentPageRegularTextSize_DebugColor DebugWireframe ContentPageContentParagraphText ContentPageContentParagraphText_DebugColor DebugWireframe"
                >
                  They stop drinking their mother’s milk at 3 to 4 months of age. They start eating meat and learning to hunt. The games they play and the experiences they have during this stage will teach them skills needed to survive on their own.
                </p>
                <div>
                  <a
                    href="https://www.youtube.com/watch?v=Wjtb7XMZlgY"
                  >
                    <button
                      className="ui blue icon button"
                      onClick={[Function]}
                    >
                      Cheetah Mom Teaches Cubs to Hunt | YouTube
                      <i
                        aria-hidden="true"
                        className="file video icon"
                        onClick={[Function]}
                      />
                    </button>
                  </a>
                </div>
              </div>
            </div>
          </div>
        </div>
        <div
          className=""
        >
          <div
            className="ContentPageSubsectionTemplateOuterContainer ContentPageSubsectionTemplateOuterContainer_DebugColor DebugWireframe"
          >
            <div
              className="ContentPageSubsectionTemplateInnerContainer ContentPageSubsectionTemplateInnerContainer_DebugColor DebugWireframe ContentPageContentInnerContentDimension ContentPageContentInnerContentDimension_DebugColor DebugWireframe"
            >
              <h3
                className="ContentPageSubsectionTitle ContentPageSubsectionTitle_DebugColor DebugWireframe"
              >
                Stage 3
              </h3>
              <div
                className=""
              >
                <p
                  className="ContentPageRegularTextSize ContentPageRegularTextSize_DebugColor DebugWireframe ContentPageContentParagraphText ContentPageContentParagraphText_DebugColor DebugWireframe"
                >
                  Stage three begins at the age 18 to 22 months when the cubs have grown to sub-adults and leave their mother. The sub-adults will remain together for up to six more months. At first, their success rate at capturing prey is poor.
                </p>
                <p
                  className="ContentPageRegularTextSize ContentPageRegularTextSize_DebugColor DebugWireframe ContentPageContentParagraphText ContentPageContentParagraphText_DebugColor DebugWireframe"
                >
                  Cheetahs are diurnal, hunting mornings and early evenings. They rely on their sight to find prey. They spend most of the day resting under shady trees or on termite mounds. Night hunting is only done during a bright moon.
                </p>
              </div>
            </div>
          </div>
        </div>
        <div
          className=""
        >
          <div
            className="ContentPageSubsectionTemplateOuterContainer ContentPageSubsectionTemplateOuterContainer_DebugColor DebugWireframe"
          >
            <div
              className="ContentPageSubsectionTemplateInnerContainer ContentPageSubsectionTemplateInnerContainer_DebugColor DebugWireframe ContentPageContentInnerContentDimension ContentPageContentInnerContentDimension_DebugColor DebugWireframe"
            >
              <h3
                className="ContentPageSubsectionTitle ContentPageSubsectionTitle_DebugColor DebugWireframe"
              >
                Stage 4
              </h3>
              <div
                className=""
              >
                <p
                  className="ContentPageRegularTextSize ContentPageRegularTextSize_DebugColor DebugWireframe ContentPageContentParagraphText ContentPageContentParagraphText_DebugColor DebugWireframe"
                >
                  In Stage 4, cheetahs become sexually mature. Although they are mature at 16 to 18 months, most do not breed until they are three to five years old.
                </p>
                <p
                  className="ContentPageRegularTextSize ContentPageRegularTextSize_DebugColor DebugWireframe ContentPageContentParagraphText ContentPageContentParagraphText_DebugColor DebugWireframe"
                >
                  At 20 - 30 months of age, females leave their litter-mates to find suitable mates and start their own families. They raise their families on their own without the help of the male.
                </p>
                <p
                  className="ContentPageRegularTextSize ContentPageRegularTextSize_DebugColor DebugWireframe ContentPageContentParagraphText ContentPageContentParagraphText_DebugColor DebugWireframe"
                >
                  Males usually do not breed until they are 4 to 5 years of age, and dominant in a territory. They live alone or brothers farm permanent groups called "coalitions". These groups stay together for life, claim territories, hunt and find mates together.
                </p>
              </div>
            </div>
          </div>
        </div>
      </div>
    </div>
  </div>
</div>
`;
