// Jest Snapshot v1, https://goo.gl/fbAQLP

exports[`BiologyPageLifecycleDiagram component snapshot 1`] = `
<div
  className="BiologyPageLifecycleDiagramOuterContainer"
>
  <h3
    className="ContentPageSubsectionTitle TextCentered"
  >
    The Cycle of Life
  </h3>
  <p
    className="BiologyPageLifecycleDiagramSubtitle TextCentered"
  >
    There are four stages in the lifecycle of the cheetah.
  </p>
  <p
    className="BiologyPageLifecycleDiagramContentText TextCentered"
  >
    <b>
      Stage 1
    </b>
    : 90 to 95 days pregnancy; 
    <b>
      Stage 2
    </b>
    : 6 weeks to 18 months;
  </p>
  <p
    className="BiologyPageLifecycleDiagramContentText TextCentered"
  >
    <b>
      Stage 3
    </b>
    : 18 to 22 months; 
    <b>
      Stage 4
    </b>
    : adult life.
  </p>
  <div
    className="Centered"
  >
    <img
      alt="lifecycle diagram"
      src="Lifecycle_Diagram_640x675.png"
    />
  </div>
</div>
`;
