// Jest Snapshot v1, https://goo.gl/fbAQLP

exports[`HistoryPageSectionCheetahAndMan component snapshot 1`] = `
<div>
  <div
    className="ContentPageSectionTemplateOuterContainer ContentPageSectionTemplateOuterContainer_DebugColor DebugWireframe"
  >
    <div>
      <div
        className="ContentPageSubsectionTemplateOuterContainer ContentPageSubsectionTemplateOuterContainer_DebugColor DebugWireframe"
      >
        <div
          className="ContentPageSubsectionTemplateInnerContainer ContentPageSubsectionTemplateInnerContainer_DebugColor DebugWireframe"
        >
          <h3
            className="ContentPageSubsectionTitle ContentPageSubsectionTitle_DebugColor DebugWireframe"
          />
          <div
            className="ContentPageSectionHeadOuterContainer"
          >
            <div
              data-testid="ContentPageSectionAnchorComponentTestId"
              id="cheetah-and-man"
            />
            <div
              className="ContentPageSectionHeadInnerContainer ContentPageSectionHeadInnerContainer_DebugColor DebugWireframe"
            >
              <div
                className="ContentPageSectionHeadTitleContainer ContentPageSectionHeadTitleContainer_DebugColor DebugWireframe"
              >
                <h2
                  className="ContentPageSectionHeadTitle ContentPageSectionHeadTitle_DebugColor DebugWireframe"
                >
                  Cheetah and Man
                </h2>
              </div>
              <div
                className="ContentPageIntroParagraphContentContainer"
              >
                <p
                  className="ContentPageSectionSubtitleText"
                >
                  Lorem ipsum dolor sit amet, consectetur adipiscing elit, sed do eiusmod tempor incididunt ut labore et dolore magna aliqua. Ut enim ad minim veniam, quis nostrud exercitation ullamco laboris nisi ut aliquip ex ea commodo consequat. Duis aute irure dolor in reprehenderit in voluptate velit esse cillum dolore eu fugiat nulla pariatur. Excepteur sint occaecat cupidatat non proident, sunt in culpa qui officia deserunt mollit anim id est laborum.
                </p>
              </div>
            </div>
          </div>
        </div>
      </div>
    </div>
    <div
      className="ContentPageSectionTemplateInnerContainer ContentPageSectionTemplateInnerContainer_DebugColor DebugWireframe"
    >
      <div>
        <div
          className="HistoryPageSubsectionCheetahAndManImageOuterContainer HistoryPageSubsectionCheetahAndManImageOuterContainer_DebugColor DebugWireframe"
        >
          <div
            className="ContentPageSubsectionTemplateOuterContainer ContentPageSubsectionTemplateOuterContainer_DebugColor DebugWireframe"
          >
            <div
              className="ContentPageSubsectionTemplateInnerContainer ContentPageSubsectionTemplateInnerContainer_DebugColor DebugWireframe"
            >
              <h3
                className="ContentPageSubsectionTitle ContentPageSubsectionTitle_DebugColor DebugWireframe"
              >
                Relationships with Man
              </h3>
              <div
                className="HistoryPageSubsectionCheetahAndManImageInnerContainer HistoryPageSubsectionCheetahAndManImageInnerContainer_DebugColor DebugWireframe"
              >
                <div>
                  <div
                    className="ContentPageSubsectionTwoColumnContentTemplateOuterContainer ContentPageSubsectionTwoColumnContentTemplateOuterContainer_DebugColor DebugWireframe"
                  >
                    <div
                      className="ContentPageSubsectionTwoColumnContentTemplateInnerContainer"
                    >
                      <div>
                        <div
                          className="ui vertically divided grid"
                        >
                          <div
                            className="two column row"
                          >
                            <div
                              className="column"
                            >
                              <div
                                className="ContentPageSubsectionTwoColumnContentTemplateColumnInnerContainer ContentPageSubsectionTwoColumnContentTemplateColumnInnerContainer_DebugColor DebugWireframe"
                              >
                                <div
                                  className="HistoryPageSubsectionCheetahAndManImageContentTextContainer"
                                >
                                  <div
                                    className="FlexibleContainerOuterContainer FlexibleContainerOuterContainer_DebugColor DebugWireframe"
                                  >
                                    <div
                                      className="FlexibleContainerInnerContainer FlexibleContainerInnerContainer_DebugColor DebugWireframe"
                                    >
                                      <p>
                                        Traditional African healers and witchdoctors used cheetah foot bones in spiritualistic rituals to symbolize fleet-footnedness and speed. They used bones from a wide variety of animals and techniques varied from tribe to tribe. Objects represented a person, a thing or mood fron the past, present or future, and are known as Divinatory sets.
                                      </p>
                                      <p>
                                        During the time of the Egyptian pharaohs, the cheetah was considered a goddess named "Mafdet". Pharaohs kept cheetahs was close companions, symbolic of Mafdet's protection of the royal throne.
                                      </p>
                                      <p>
                                        The San of Southern Africa ate cheetah meat as a symbol for speed, but it was not a main food in their diet.
                                      </p>
                                      <p>
                                        Kings wore cheetah skins for dignity. Trade in cheetah skin only started after European explorers began requesting them.
                                      </p>
                                    </div>
                                  </div>
                                </div>
                              </div>
                            </div>
                            <div
                              className="column"
                            >
                              <div
                                className="ContentPageSubsectionTwoColumnContentTemplateColumnInnerContainer ContentPageSubsectionTwoColumnContentTemplateColumnInnerContainer_DebugColor DebugWireframe"
                              >
                                <div>
                                  <div
                                    className="ImageSlidingGalleryOuterContainer"
                                  >
                                    <div
                                      className="ImageSlidingGalleryCoreContainer"
                                    >
                                      <img
                                        alt="Researchers used the Tuxtla Statuette to decipher the epi-Olmec writing system, which represents both syllables and words"
                                        className="ImageSlidingGalleryImgPart"
                                        src="https://upload.wikimedia.org/wikipedia/commons/thumb/f/f6/War_trophies_Deir_el_Bahari_Wellcome_L0027402.jpg/440px-War_trophies_Deir_el_Bahari_Wellcome_L0027402.jpg"
                                      />
                                      <div
                                        className="ImageSlidingGalleryCaptionPart"
                                        data-testid="ImageSlidingGalleryCaptionPart"
                                      >
                                        <div
                                          className="CaptionContainer"
                                          data-testid="CaptionComponentTestId"
                                        >
                                          <div
                                            className="IconContainer"
                                          >
                                            <i
                                              aria-hidden="true"
                                              className="image icon"
                                              onClick={[Function]}
                                            />
                                          </div>
                                          <p
                                            className="CaptionText"
                                          >
                                            Researchers used the Tuxtla Statuette to decipher the epi-Olmec writing system, which represents both syllables and words
                                          </p>
                                        </div>
                                      </div>
                                    </div>
                                    <div
                                      className="ImageSlidingGalleryButtonContainer"
                                    >
                                      <div
                                        className="ui blue huge icon left attached button"
                                        onClick={[Function]}
                                        role="button"
                                        tabIndex={0}
                                      >
                                        <i
                                          aria-hidden="true"
                                          className="arrow alternate circle left outline icon"
                                          onClick={[Function]}
                                        />
                                      </div>
                                      <div
                                        className="ui blue huge icon right attached button"
                                        onClick={[Function]}
                                        role="button"
                                        tabIndex={0}
                                      >
                                        <i
                                          aria-hidden="true"
                                          className="arrow alternate circle right outline icon"
                                          onClick={[Function]}
                                        />
                                      </div>
                                    </div>
                                  </div>
                                </div>
                              </div>
                            </div>
                          </div>
                        </div>
                      </div>
                    </div>
                  </div>
                </div>
              </div>
            </div>
          </div>
        </div>
      </div>
    </div>
  </div>
</div>
`;
