// Jest Snapshot v1, https://goo.gl/fbAQLP

exports[`HistoryPageSectionRangeAndPopulation component snapshot 1`] = `
<div>
  <div
    className="ContentPageSectionTemplateOuterContainer ContentPageSectionTemplateOuterContainer_DebugColor DebugWireframe"
  >
    <div>
      <div
        className="ContentPageSubsectionTemplateOuterContainer ContentPageSubsectionTemplateOuterContainer_DebugColor DebugWireframe"
      >
        <div
          className="ContentPageSubsectionTemplateInnerContainer ContentPageSubsectionTemplateInnerContainer_DebugColor DebugWireframe"
        >
          <h3
            className="ContentPageSubsectionTitle ContentPageSubsectionTitle_DebugColor DebugWireframe"
          />
          <div
            className="ContentPageSectionHeadOuterContainer"
          >
            <div
              data-testid="ContentPageSectionAnchorComponentTestId"
              id="range-and-population"
            />
            <div
              className="ContentPageSectionHeadInnerContainer ContentPageSectionHeadInnerContainer_DebugColor DebugWireframe"
            >
              <div
                className="ContentPageSectionHeadTitleContainer ContentPageSectionHeadTitleContainer_DebugColor DebugWireframe"
              >
                <h2
                  className="ContentPageSectionHeadTitle ContentPageSectionHeadTitle_DebugColor DebugWireframe"
                >
                  Range and Population
                </h2>
              </div>
              <div
                className="ContentPageIntroParagraphContentContainer"
              >
                <p
                  className="ContentPageSectionSubtitleText"
                >
                  Lorem ipsum dolor sit amet, consectetur adipiscing elit, sed do eiusmod tempor incididunt ut labore et dolore magna aliqua. Ut enim ad minim veniam, quis nostrud exercitation ullamco laboris nisi ut aliquip ex ea commodo consequat. Duis aute irure dolor in reprehenderit in voluptate velit esse cillum dolore eu fugiat nulla pariatur. Excepteur sint occaecat cupidatat non proident, sunt in culpa qui officia deserunt mollit anim id est laborum.
                </p>
              </div>
            </div>
          </div>
        </div>
      </div>
    </div>
    <div
      className="ContentPageSectionTemplateInnerContainer ContentPageSectionTemplateInnerContainer_DebugColor DebugWireframe"
    >
      <div>
        <div
          className="HistoryPageSubsectionNamibiaOuterContainer"
        >
          <div
            className="ContentPageSubsectionTemplateOuterContainer ContentPageSubsectionTemplateOuterContainer_DebugColor DebugWireframe"
          >
            <div
              className="ContentPageSubsectionTemplateInnerContainer ContentPageSubsectionTemplateInnerContainer_DebugColor DebugWireframe"
            >
              <h3
                className="ContentPageSubsectionTitle ContentPageSubsectionTitle_DebugColor DebugWireframe"
              >
                Namibia - Cheetah Capital of the World
              </h3>
              <div
                className="HistoryPageSubsectionNamibiaInnerContainer"
              >
                <div>
                  <div
                    className="ContentPageSubsectionTwoColumnContentTemplateOuterContainer ContentPageSubsectionTwoColumnContentTemplateOuterContainer_DebugColor DebugWireframe"
                  >
                    <div
                      className="ContentPageSubsectionTwoColumnContentTemplateInnerContainer"
                    >
                      <div>
                        <div
                          className="ui vertically divided grid"
                        >
                          <div
                            className="two column row"
                          >
                            <div
                              className="column"
                            >
                              <div
                                className="ContentPageSubsectionTwoColumnContentTemplateColumnInnerContainer ContentPageSubsectionTwoColumnContentTemplateColumnInnerContainer_DebugColor DebugWireframe"
                              >
                                <div>
                                  <p>
                                    Namibia has the world's largest cheetah population. Approximately 3000 cheetahs share the land with humans, livestock, and wildlife. Today, the status of the Namibian cheetah is stabilizing. During the 1980s, the population of Namibina cheetahs declined by half. In the 10-year period, nearly 7,000 cheetahs were removed from the wild. In most countries where cheetahs live, their numbers have been reduced to critical levels. The cheetah's survival worldwide is in human hands.
                                  </p>
                                  <div
                                    className="DisplayInlineBlock"
                                  >
                                    <div
                                      className="ui inverted segment"
                                    >
                                      <div
                                        className="ui orange huge inverted statistic"
                                      >
                                        <div
                                          className="value"
                                        >
                                          21%
                                        </div>
                                        <div
                                          className="label"
                                        >
                                          of the world's wild cheetahs live in Namibia.
                                        </div>
                                      </div>
                                    </div>
                                  </div>
                                  <div
                                    className="DisplayInlineBlock"
                                  >
                                    <div
                                      className="ui inverted segment"
                                    >
                                      <div
                                        className="ui yellow huge inverted statistic"
                                      >
                                        <div
                                          className="value"
                                        >
                                          90%
                                        </div>
                                        <div
                                          className="label"
                                        >
                                          of Namibia's cheetahs live on communal and commercial livestock and game farms.
                                        </div>
                                      </div>
                                    </div>
                                  </div>
                                </div>
                              </div>
                            </div>
                            <div
                              className="column"
                            >
                              <div
                                className="ContentPageSubsectionTwoColumnContentTemplateColumnInnerContainer ContentPageSubsectionTwoColumnContentTemplateColumnInnerContainer_DebugColor DebugWireframe"
                              >
                                <div>
                                  <div
                                    className="ImageViewOuterContainer"
                                  >
                                    <div
                                      className="ImageViewInnerContainer"
                                    >
                                      <div
                                        className="ImageViewCore"
                                      >
                                        <img
                                          alt="Cheetah ranges in Namibia (Cheetahs (Acinonyx jubatus) running the gauntlet: an evaluation of translocations into free-range environments in Namibia)"
                                          className="ImageViewImg"
                                          src="https://dfzljdn9uc3pi.cloudfront.net/2015/1346/1/Suppl_Inf_5_cheetah_occurrence_and_suitable_PA.png"
                                          style={
                                            Object {
                                              "height": 640,
                                              "width": 640,
                                            }
                                          }
                                        />
                                        <div
                                          data-testid="ImageViewComponentCaptionPart"
                                        >
                                          <div
                                            className="CaptionContainer"
                                            data-testid="CaptionComponentTestId"
                                          >
                                            <div
                                              className="IconContainer"
                                            >
                                              <i
                                                aria-hidden="true"
                                                className="image icon"
                                                onClick={[Function]}
                                              />
                                            </div>
                                            <p
                                              className="CaptionText"
                                            >
                                              Cheetah ranges in Namibia (Cheetahs (Acinonyx jubatus) running the gauntlet: an evaluation of translocations into free-range environments in Namibia)
                                            </p>
                                          </div>
                                        </div>
                                      </div>
                                    </div>
                                  </div>
                                  <div>
                                    <a
                                      href="https://peerj.com/articles/1346/"
                                    >
                                      <button
                                        className="ui blue icon button"
                                        onClick={[Function]}
                                      >
                                        Cheetahs (Acinonyx jubatus) running the gauntlet: an evaluation of translocations into free-range environments in Namibia
                                        <i
                                          aria-hidden="true"
                                          className="file alternate outline icon"
                                          onClick={[Function]}
                                        />
                                      </button>
                                    </a>
                                  </div>
                                </div>
                              </div>
                            </div>
                          </div>
                        </div>
                      </div>
                    </div>
                  </div>
                </div>
              </div>
            </div>
          </div>
        </div>
        <div
          className="HistoryPageSubsectionRoadToExtinctionOuterContainer"
        >
          <div
            className="ContentPageSubsectionTemplateOuterContainer ContentPageSubsectionTemplateOuterContainer_DebugColor DebugWireframe"
          >
            <div
              className="ContentPageSubsectionTemplateInnerContainer ContentPageSubsectionTemplateInnerContainer_DebugColor DebugWireframe"
            >
              <h3
                className="ContentPageSubsectionTitle ContentPageSubsectionTitle_DebugColor DebugWireframe"
              >
                The Road to Extinction ?
              </h3>
              <div
                className="HistoryPageSubsectionRoadToExtinctionInnerContainer"
              >
                <div
                  className="DisplayInlineBlock"
                >
                  <div
                    className="ui inverted segment"
                  >
                    <div
                      className="ui orange huge inverted statistic"
                    >
                      <div
                        className="value"
                      >
                        &lt;7,500
                      </div>
                      <div
                        className="label"
                      >
                        Cheetahs were found in 31 populations in 23 African countries.
                      </div>
                    </div>
                  </div>
                </div>
                <div
                  className="DisplayInlineBlock"
                >
                  <div
                    className="ui inverted segment"
                  >
                    <div
                      className="ui red huge inverted statistic"
                    >
                      <div
                        className="value"
                      >
                        &lt;50
                      </div>
                      <div
                        className="label"
                      >
                        Asian cheetahs left in Iran.
                      </div>
                    </div>
                  </div>
                </div>
                <div
                  className="ContentPageSubsectionThreeColumnContentTemplateOuterContainer ContentPageSubsectionThreeColumnContentTemplateOuterContainer_DebugColor DebugWireframe"
                >
                  <div
                    className="ContentPageSubsectionThreeColumnContentTemplateInnerContainer ContentPageSubsectionThreeColumnContentTemplateInnerContainer_DebugColor DebugWireframe"
                  >
                    <div
                      className="ContentPageSubsectionThreeColumnContentTemplateColumnContainer"
                    >
                      <div
                        className="ContentPageSubsectionThreeColumnContentTemplateColumn ContentPageSubsectionThreeColumnContentTemplateColumn_DebugColor DebugWireframe ContentPageSubsectionThreeColumnContentTemplateLeftColumnContainer ContentPageSubsectionThreeColumnContentTemplateLeftColumnContainer_DebugColor DebugWireframe"
                      >
                        <h2
                          className="ContentPageSubsectionColumnContentTitle ContentPageSubsectionColumnContentTitle_DebugColor DebugWireframe"
                        >
                          The Road to Extinction?
                        </h2>
                        <div>
                          <div>
                            <div>
                              <div>
                                <h3
                                  className="ContentPageSubsectionColumnContentSubtitle ContentPageSubsectionColumnContentSubtitle_DebugColor DebugWireframe"
                                >
                                  1990
                                </h3>
                                <p>
                                  World development, industrialization, automobiles, and aeroplanes...
                                </p>
                                <p>
                                  Through the 1900s, man's inventions seemed limitless, yet there is nothing man-made that rivals the speed and efficiency of the cheetah.
                                </p>
                                <p>
                                  Scientists classified the cheetah as Acinonyx jubatus, yet nobles still referred to it as the "hunting leopard". By the end of the 1800s, cheetahswere a rarity in Asia Minor and Arabia because of their use in the sport of "coursing".
                                </p>
                                <p>
                                  Although it appeared that the cheeatahs had a large range, their numbers within that range existed in small pockets. Cheetahs, farmers and their livestock all preferred open grasslands for their habitat. Increasing agricultural development and new settlements played havoc with remaining cheetah populations.
                                </p>
                              </div>
                            </div>
                          </div>
                        </div>
                      </div>
                      <div
                        className="ContentPageSubsectionThreeColumnContentTemplateColumn ContentPageSubsectionThreeColumnContentTemplateColumn_DebugColor DebugWireframe ContentPageSubsectionThreeColumnContentTemplateMiddleColumnContainer ContentPageSubsectionThreeColumnContentTemplateMiddleColumnContainer_DebugColor DebugWireframe"
                      >
                        <div>
                          TODO: middle
                        </div>
                      </div>
                      <div
                        className="ContentPageSubsectionThreeColumnContentTemplateColumn ContentPageSubsectionThreeColumnContentTemplateColumn_DebugColor DebugWireframe ContentPageSubsectionThreeColumnContentTemplateRightColumnContainer ContentPageSubsectionThreeColumnContentTemplateRightColumnContainer_DebugColor DebugWireframe"
                      >
                        <h2
                          className="ContentPageSubsectionColumnContentTitle ContentPageSubsectionColumnContentTitle_DebugColor DebugWireframe"
                        >
                          Where Did the Cheetah Go?
                        </h2>
                        <div>
                          <div>
                            <div>
                              <div>
                                <h3
                                  className="ContentPageSubsectionColumnContentSubtitle ContentPageSubsectionColumnContentSubtitle_DebugColor DebugWireframe"
                                >
                                  1975
                                </h3>
                                <p>
                                  As human population grew, the amount of land devoted to livestock farming steadily increased. Livestock filled the open land where cheetahs roamed. Natural prey became scarce. Farmers kill other large predators. Although game reserves protected them, cheetahs could not compete against hyoenas and lions. Farmlands offered cheetahs a safe haven, but they sometimes killed livestock.
                                </p>
                                <p>
                                  Farmers saw cheetahs more frequently and thought their numbers had increased. Cheetahs took the blame for most predator-related livestock losses. Farmers killed cheetahs by the thousands as pests or to seell their skins to the fur trade.
                                </p>
                                <p>
                                  By 1975, researches realized that the cheetah was in troubles. CITES (Convention on International Trade of Endangered Species) placed the cheetah on Appendix I, making international trade in live cheetah or cheetah products illegal. Local laws supported CITES in many countries where cheetahs still lived. Researchers began looking for ways to encourage the growth of cheetah populations through land management practices.
                                </p>
                              </div>
                            </div>
                          </div>
                        </div>
                      </div>
                    </div>
                  </div>
                </div>
              </div>
            </div>
          </div>
        </div>
      </div>
    </div>
  </div>
</div>
`;
