// Jest Snapshot v1, https://goo.gl/fbAQLP

exports[`ExploreGatewayIntro component snapshot 1`] = `
<div
  className="ExploreGatewayIntro"
  data-testid="ExploreGatewayIntroTestId"
>
  <br />
  <div
    className="ui container"
    width={8}
  >
    <div
      className="ui huge center aligned header"
    >
      Explore CCF's Cheetah Museum in Namibia and learn everything you need to know about cheetahs, all at the comfort of your home.
    </div>
  </div>
  <br />
  <br />
  <div
    className="ui container two column grid centerGrid"
  >
    <div
      className="row"
    >
      <div
        className="eight wide column"
      >
        <div
          className="centerGridLeftColumnStyle"
        >
          <p>
            "CCF is Changing the World to Save the Cheetah" - Dr. Laurie Marker
          </p>
        </div>
      </div>
      <div
        className="seven wide column"
      >
        <div
          className="ui inverted segment"
        >
          <p
            className="JoinTheRace"
          >
            Join the race to 
            <a
              href="https://twitter.com/search?q=%23SaveTheCheetah"
              rel="noopener noreferrer"
              target="_blank"
            >
              <span
                className="SafeTheCheetah"
              >
                #SafeTheCheetah
              </span>
            </a>
          </p>
          <p>
            Cheetahs can't win without us.
          </p>
          <a
            className="ui basic inverted button"
            href="https://cheetah.org/get-involved/ways-to-give/"
            onClick={[Function]}
            role="button"
          >
            Get Involved
          </a>
        </div>
      </div>
    </div>
  </div>
  <br />
</div>
`;
