// Jest Snapshot v1, https://goo.gl/fbAQLP

exports[`FuturePageSubsectionCommunityEvents component snapshot 1`] = `
<div>
  <div
    className="ContentPageSubsectionTemplateOuterContainer"
  >
    <div
      className="ContentPageSubsectionTemplateInnerContainer ContentPageContentInnerContentDimension"
    >
      <h3
        className="ContentPageSubsectionTitle"
      >
        Community Events
      </h3>
      <div
        className="OverflowHidden"
      >
        <div
          className="FloatLeft HorizontalCusionPaddingRight"
        >
          <div
            className="ImageViewOuterContainer"
          >
            <div
              className="ImageViewInnerContainer"
            >
              <div
                className="ImageViewCore"
              >
                <img
                  alt="CCF helps Namibian artists and artisans to market and sell their work with the Livelihood Development Program. (Image credit: Cheetah Conservation Fund)"
                  className="ImageViewImg"
                  src="CCF_Livelihood_Development.jpg"
                  style={
                    Object {
                      "height": 576,
                      "width": 960,
                    }
                  }
                />
                <div
                  data-testid="ImageViewComponentCaptionPart"
                >
                  <div
                    className="CaptionContainer"
                    data-testid="CaptionComponentTestId"
                    style={
                      Object {
                        "width": 960,
                      }
                    }
                  >
                    <div
                      className="IconContainer"
                    >
                      <i
                        aria-hidden="true"
                        className="image icon"
                        onClick={[Function]}
                      />
                    </div>
                    <p
                      className="ContentPageCaptionTextSize CaptionText"
                    >
                      CCF helps Namibian artists and artisans to market and sell their work with the Livelihood Development Program. (Image credit: Cheetah Conservation Fund)
                    </p>
                  </div>
                </div>
              </div>
            </div>
          </div>
        </div>
        <p
          className="ContentPageRegularTextSize ContentPageRegularTextLineHeight ContentPageContentParagraphText"
        >
          Participatory community events, such as competitions in art, poetry and writing, increase conservation awareness.
        </p>
        <p
          className="ContentPageRegularTextSize ContentPageRegularTextLineHeight ContentPageContentParagraphText"
        >
          Public educational displays are maintained at strategic locations and community events. Displays provide introductory information on the plight of the cheetah and the work conducted by CCF.
        </p>
        <p
          className="ContentPageRegularTextSize ContentPageRegularTextLineHeight ContentPageContentParagraphText"
        >
          CCF staff participate in farmer meetings, local conservancy activities and other related events. Workshops and seminars are conducted to exchange information and develop conservation-based farming practices.
        </p>
      </div>
    </div>
  </div>
</div>
`;
