// Jest Snapshot v1, https://goo.gl/fbAQLP

exports[`FuturePageSectionCheetahAmbassadors component snapshot 1`] = `
<div>
  <div
    className="ContentPageSectionTemplateOuterContainer ContentPageSectionTemplateOuterContainer_DebugColor DebugWireframe"
  >
    <div>
      <div
        className="ContentPageSubsectionTemplateOuterContainer ContentPageSubsectionTemplateOuterContainer_DebugColor DebugWireframe"
      >
        <div
          className="ContentPageSubsectionTemplateInnerContainer ContentPageSubsectionTemplateInnerContainer_DebugColor DebugWireframe ContentPageContentInnerContentDimension ContentPageContentInnerContentDimension_DebugColor DebugWireframe"
        >
          <h3
            className="ContentPageSubsectionTitle ContentPageSubsectionTitle_DebugColor DebugWireframe"
          />
          <div
            className="ContentPageSectionHeadOuterContainer"
          >
            <div
              data-testid="ContentPageSectionAnchorComponentTestId"
              id="cheetah-ambassadors"
            />
            <div
              className="ContentPageSectionHeadInnerContainer ContentPageSectionHeadInnerContainer_DebugColor DebugWireframe"
            >
              <div
                className="ContentPageSectionHeadTitleContainer ContentPageSectionHeadTitleContainer_DebugColor DebugWireframe"
              >
                <h2
                  className="ContentPageSectionHeadTitle ContentPageSectionHeadTitle_DebugColor DebugWireframe"
                >
                  Cheetah Ambassadors
                </h2>
              </div>
              <div
                className="ContentPageIntroParagraphContentContainer"
              >
                <p
                  className="ContentPageSectionSubtitleText"
                >
                  Content TBD ...
                </p>
              </div>
            </div>
          </div>
        </div>
      </div>
    </div>
    <div
      className="ContentPageSectionTemplateInnerContainer ContentPageSectionTemplateInnerContainer_DebugColor DebugWireframe"
    >
      <div>
        <div
          className="FuturePageSubsectionCheetahsAtCCF"
        >
          <div
            className="ContentPageSubsectionTemplateOuterContainer ContentPageSubsectionTemplateOuterContainer_DebugColor DebugWireframe"
          >
            <div
              className="ContentPageSubsectionTemplateInnerContainer ContentPageSubsectionTemplateInnerContainer_DebugColor DebugWireframe ContentPageContentInnerContentDimension ContentPageContentInnerContentDimension_DebugColor DebugWireframe"
            >
              <h3
                className="ContentPageSubsectionTitle ContentPageSubsectionTitle_DebugColor DebugWireframe"
              >
                Cheetahs at CCF
              </h3>
              <div
                className="FuturePageSubsectionCheetahsAtCCFInnerContainer"
              >
                <div>
                  <h4
                    className="ContentPageSubsectionSubtitle"
                  >
                    Chewbaaka
                  </h4>
                  <div
                    className="ContentPageSubsectionTwoColumnContentTemplateOuterContainer ContentPageSubsectionTwoColumnContentTemplateOuterContainer_DebugColor DebugWireframe"
                  >
                    <div
                      className="ContentPageSubsectionTwoColumnContentTemplateInnerContainer"
                    >
                      <div>
                        <div
                          className="ui vertically divided grid"
                        >
                          <div
                            className="two column row"
                          >
                            <div
                              className="column"
                            >
                              <div
                                className="ContentPageSubsectionTwoColumnContentTemplateColumnInnerContainer ContentPageSubsectionTwoColumnContentTemplateColumnInnerContainer_DebugColor DebugWireframe"
                              >
                                <h2
                                  className="ContentPageSubsectionColumnContentTitle ContentPageSubsectionColumnContentTitle_DebugColor DebugWireframe"
                                />
                                <div
                                  className="FuturePageCheetahAndManImageSubsectionContentTextContainer"
                                >
                                  <p
                                    className="ContentPageRegularTextSize ContentPageRegularTextSize_DebugColor DebugWireframe ContentPageContentParagraphText ContentPageContentParagraphText_DebugColor DebugWireframe"
                                  >
                                    Hi there, my name is Chewbaaka. I was named after an animal in a movie. I have lived at CCF since I was 3 weeks old. I am there cheetah ambassador and I get to meet many people. The staff at CCF tell everyone about me and all the wild cheetah. I have a special place where I can run like the wind.
                                  </p>
                                  <div>
                                    <div>
                                      <a
                                        href="https://www.youtube.com/watch?v=WYjeEG06cjc"
                                      >
                                        <button
                                          className="ui blue icon button"
                                          onClick={[Function]}
                                        >
                                          Watch "Walking with Chewbaaka" on YouTube
                                          <i
                                            aria-hidden="true"
                                            className="file video icon"
                                            onClick={[Function]}
                                          />
                                        </button>
                                      </a>
                                    </div>
                                  </div>
                                </div>
                              </div>
                            </div>
                            <div
                              className="column"
                            >
                              <div
                                className="ContentPageSubsectionTwoColumnContentTemplateColumnInnerContainer ContentPageSubsectionTwoColumnContentTemplateColumnInnerContainer_DebugColor DebugWireframe"
                              >
                                <h2
                                  className="ContentPageSubsectionColumnContentTitle ContentPageSubsectionColumnContentTitle_DebugColor DebugWireframe"
                                />
                                <div
                                  className="FuturePageSubsectionCheetahsAtCCFImageContainer FuturePageSubsectionCheetahsAtCCFImageContainer_DebugColor DebugWireframe"
                                >
                                  <div
                                    className="CircularImageOuterContainer CircularImageOuterContainer_DebugColor DebugWireframe"
                                  >
                                    <div
                                      className="CircularImageCore"
                                    >
                                      <img
                                        alt="Chewbaaka"
                                        className="CircularImageImg"
                                        src="https://sotinpc.files.wordpress.com/2013/04/day-of-rememberance.jpg"
                                      />
                                    </div>
                                    <div
                                      className="CircularImageTitleContainer"
                                    >
                                      <p
                                        className="CircularImageTitle"
                                      >
                                        Chewbaaka
                                      </p>
                                    </div>
                                  </div>
                                </div>
                              </div>
                            </div>
                          </div>
                        </div>
                      </div>
                    </div>
                  </div>
                </div>
                <div>
                  <h4
                    className="ContentPageSubsectionSubtitle"
                  >
                    Mekondyo
                  </h4>
                  <div
                    className="ContentPageSubsectionTwoColumnContentTemplateOuterContainer ContentPageSubsectionTwoColumnContentTemplateOuterContainer_DebugColor DebugWireframe"
                  >
                    <div
                      className="ContentPageSubsectionTwoColumnContentTemplateInnerContainer"
                    >
                      <div>
                        <div
                          className="ui vertically divided grid"
                        >
                          <div
                            className="two column row"
                          >
                            <div
                              className="column"
                            >
                              <div
                                className="ContentPageSubsectionTwoColumnContentTemplateColumnInnerContainer ContentPageSubsectionTwoColumnContentTemplateColumnInnerContainer_DebugColor DebugWireframe"
                              >
                                <h2
                                  className="ContentPageSubsectionColumnContentTitle ContentPageSubsectionColumnContentTitle_DebugColor DebugWireframe"
                                />
                                <div
                                  className="FuturePageSubsectionCheetahsAtCCFImageContainer FuturePageSubsectionCheetahsAtCCFImageContainer_DebugColor DebugWireframe"
                                >
                                  <div
                                    className="CircularImageOuterContainer CircularImageOuterContainer_DebugColor DebugWireframe"
                                  >
                                    <div
                                      className="CircularImageCore"
                                    >
                                      <img
                                        alt="Mekondyo"
                                        className="CircularImageImg"
                                        src="https://globalgaz.com/wp-content/uploads/2018/07/DSC03746.jpg"
                                      />
                                    </div>
                                    <div
                                      className="CircularImageTitleContainer"
                                    >
                                      <p
                                        className="CircularImageTitle"
                                      >
                                        Mekondyo
                                      </p>
                                    </div>
                                  </div>
                                </div>
                              </div>
                            </div>
                            <div
                              className="column"
                            >
                              <div
                                className="ContentPageSubsectionTwoColumnContentTemplateColumnInnerContainer ContentPageSubsectionTwoColumnContentTemplateColumnInnerContainer_DebugColor DebugWireframe"
                              >
                                <h2
                                  className="ContentPageSubsectionColumnContentTitle ContentPageSubsectionColumnContentTitle_DebugColor DebugWireframe"
                                />
                                <div
                                  className="FuturePageCheetahAndManImageSubsectionContentTextContainer"
                                >
                                  <p
                                    className="ContentPageRegularTextSize ContentPageRegularTextSize_DebugColor DebugWireframe ContentPageContentParagraphText ContentPageContentParagraphText_DebugColor DebugWireframe"
                                  >
                                    Hello, my name is Mekondyo. Mekondyo means "struggle" in the Oshiwambo language. I was born on a farm northof Otjiwarango but I now live on farmland west of Otjiwarango. It is very beautiful. I can see the Waterberg Plateau far away. I am 5 years old now and I will tell you my story as you explore this museum.
                                  </p>
                                </div>
                              </div>
                            </div>
                          </div>
                        </div>
                      </div>
                    </div>
                  </div>
                </div>
              </div>
            </div>
          </div>
        </div>
      </div>
    </div>
  </div>
</div>
`;
